Analysis & Synthesis report for eth
Sat Feb 23 10:35:26 2019
Quartus II 64-Bit Version 13.0.0 Build 156 04/24/2013 SJ Full Version


---------------------
; Table of Contents ;
---------------------
  1. Legal Notice
  2. Analysis & Synthesis Summary
  3. Analysis & Synthesis Settings
  4. Parallel Compilation
  5. Analysis & Synthesis Source Files Read
  6. Analysis & Synthesis Resource Usage Summary
  7. Analysis & Synthesis Resource Utilization by Entity
  8. Registers Removed During Synthesis
  9. General Register Statistics
 10. Inverted Register Statistics
 11. Multiplexer Restructuring Statistics (Restructuring Performed)
 12. Parameter Settings for User Entity Instance: Top-level Entity: |ip_proto_test
 13. Parameter Settings for User Entity Instance: ip_protocol:ui|crc32_d4:crc_u1
 14. Port Connectivity Checks: "ip_protocol:ui|check_sum:cksum_u7"
 15. Port Connectivity Checks: "ip_protocol:ui|eth_mac:u0"
 16. Port Connectivity Checks: "ip_protocol:ui|crc32_d4:crc_u1"
 17. Port Connectivity Checks: "ip_protocol:ui"
 18. Elapsed Time Per Partition
 19. Analysis & Synthesis Messages
 20. Analysis & Synthesis Suppressed Messages



----------------
; Legal Notice ;
----------------
Copyright (C) 1991-2013 Altera Corporation
Your use of Altera Corporation's design tools, logic functions 
and other software and tools, and its AMPP partner logic 
functions, and any output files from any of the foregoing 
(including device programming or simulation files), and any 
associated documentation or information are expressly subject 
to the terms and conditions of the Altera Program License 
Subscription Agreement, Altera MegaCore Function License 
Agreement, or other applicable license agreement, including, 
without limitation, that your use is for the sole purpose of 
programming logic devices manufactured by Altera and sold by 
Altera or its authorized distributors.  Please refer to the 
applicable agreement for further details.



+----------------------------------------------------------------------------------+
; Analysis & Synthesis Summary                                                     ;
+------------------------------------+---------------------------------------------+
; Analysis & Synthesis Status        ; Successful - Sat Feb 23 10:35:26 2019       ;
; Quartus II 64-Bit Version          ; 13.0.0 Build 156 04/24/2013 SJ Full Version ;
; Revision Name                      ; eth                                         ;
; Top-level Entity Name              ; ip_proto_test                               ;
; Family                             ; Cyclone IV E                                ;
; Total logic elements               ; 297                                         ;
;     Total combinational functions  ; 269                                         ;
;     Dedicated logic registers      ; 150                                         ;
; Total registers                    ; 150                                         ;
; Total pins                         ; 16                                          ;
; Total virtual pins                 ; 0                                           ;
; Total memory bits                  ; 0                                           ;
; Embedded Multiplier 9-bit elements ; 0                                           ;
; Total PLLs                         ; 0                                           ;
+------------------------------------+---------------------------------------------+


+----------------------------------------------------------------------------------------------------------------------+
; Analysis & Synthesis Settings                                                                                        ;
+----------------------------------------------------------------------------+--------------------+--------------------+
; Option                                                                     ; Setting            ; Default Value      ;
+----------------------------------------------------------------------------+--------------------+--------------------+
; Device                                                                     ; EP4CE10F17C8       ;                    ;
; Top-level entity name                                                      ; ip_proto_test      ; eth                ;
; Family name                                                                ; Cyclone IV E       ; Cyclone IV GX      ;
; Use smart compilation                                                      ; Off                ; Off                ;
; Enable parallel Assembler and TimeQuest Timing Analyzer during compilation ; On                 ; On                 ;
; Enable compact report table                                                ; Off                ; Off                ;
; Restructure Multiplexers                                                   ; Auto               ; Auto               ;
; Create Debugging Nodes for IP Cores                                        ; Off                ; Off                ;
; Preserve fewer node names                                                  ; On                 ; On                 ;
; Disable OpenCore Plus hardware evaluation                                  ; Off                ; Off                ;
; Verilog Version                                                            ; Verilog_2001       ; Verilog_2001       ;
; VHDL Version                                                               ; VHDL_1993          ; VHDL_1993          ;
; State Machine Processing                                                   ; Auto               ; Auto               ;
; Safe State Machine                                                         ; Off                ; Off                ;
; Extract Verilog State Machines                                             ; On                 ; On                 ;
; Extract VHDL State Machines                                                ; On                 ; On                 ;
; Ignore Verilog initial constructs                                          ; Off                ; Off                ;
; Iteration limit for constant Verilog loops                                 ; 5000               ; 5000               ;
; Iteration limit for non-constant Verilog loops                             ; 250                ; 250                ;
; Add Pass-Through Logic to Inferred RAMs                                    ; On                 ; On                 ;
; Infer RAMs from Raw Logic                                                  ; On                 ; On                 ;
; Parallel Synthesis                                                         ; On                 ; On                 ;
; DSP Block Balancing                                                        ; Auto               ; Auto               ;
; NOT Gate Push-Back                                                         ; On                 ; On                 ;
; Power-Up Don't Care                                                        ; On                 ; On                 ;
; Remove Redundant Logic Cells                                               ; Off                ; Off                ;
; Remove Duplicate Registers                                                 ; On                 ; On                 ;
; Ignore CARRY Buffers                                                       ; Off                ; Off                ;
; Ignore CASCADE Buffers                                                     ; Off                ; Off                ;
; Ignore GLOBAL Buffers                                                      ; Off                ; Off                ;
; Ignore ROW GLOBAL Buffers                                                  ; Off                ; Off                ;
; Ignore LCELL Buffers                                                       ; Off                ; Off                ;
; Ignore SOFT Buffers                                                        ; On                 ; On                 ;
; Limit AHDL Integers to 32 Bits                                             ; Off                ; Off                ;
; Optimization Technique                                                     ; Balanced           ; Balanced           ;
; Carry Chain Length                                                         ; 70                 ; 70                 ;
; Auto Carry Chains                                                          ; On                 ; On                 ;
; Auto Open-Drain Pins                                                       ; On                 ; On                 ;
; Perform WYSIWYG Primitive Resynthesis                                      ; Off                ; Off                ;
; Auto ROM Replacement                                                       ; On                 ; On                 ;
; Auto RAM Replacement                                                       ; On                 ; On                 ;
; Auto DSP Block Replacement                                                 ; On                 ; On                 ;
; Auto Shift Register Replacement                                            ; Auto               ; Auto               ;
; Allow Shift Register Merging across Hierarchies                            ; Auto               ; Auto               ;
; Auto Clock Enable Replacement                                              ; On                 ; On                 ;
; Strict RAM Replacement                                                     ; Off                ; Off                ;
; Allow Synchronous Control Signals                                          ; On                 ; On                 ;
; Force Use of Synchronous Clear Signals                                     ; Off                ; Off                ;
; Auto RAM Block Balancing                                                   ; On                 ; On                 ;
; Auto RAM to Logic Cell Conversion                                          ; Off                ; Off                ;
; Auto Resource Sharing                                                      ; Off                ; Off                ;
; Allow Any RAM Size For Recognition                                         ; Off                ; Off                ;
; Allow Any ROM Size For Recognition                                         ; Off                ; Off                ;
; Allow Any Shift Register Size For Recognition                              ; Off                ; Off                ;
; Use LogicLock Constraints during Resource Balancing                        ; On                 ; On                 ;
; Ignore translate_off and synthesis_off directives                          ; Off                ; Off                ;
; Timing-Driven Synthesis                                                    ; On                 ; On                 ;
; Report Parameter Settings                                                  ; On                 ; On                 ;
; Report Source Assignments                                                  ; On                 ; On                 ;
; Report Connectivity Checks                                                 ; On                 ; On                 ;
; Ignore Maximum Fan-Out Assignments                                         ; Off                ; Off                ;
; Synchronization Register Chain Length                                      ; 2                  ; 2                  ;
; PowerPlay Power Optimization                                               ; Normal compilation ; Normal compilation ;
; HDL message level                                                          ; Level2             ; Level2             ;
; Suppress Register Optimization Related Messages                            ; Off                ; Off                ;
; Number of Removed Registers Reported in Synthesis Report                   ; 5000               ; 5000               ;
; Number of Swept Nodes Reported in Synthesis Report                         ; 5000               ; 5000               ;
; Number of Inverted Registers Reported in Synthesis Report                  ; 100                ; 100                ;
; Clock MUX Protection                                                       ; On                 ; On                 ;
; Auto Gated Clock Conversion                                                ; Off                ; Off                ;
; Block Design Naming                                                        ; Auto               ; Auto               ;
; SDC constraint protection                                                  ; Off                ; Off                ;
; Synthesis Effort                                                           ; Auto               ; Auto               ;
; Shift Register Replacement - Allow Asynchronous Clear Signal               ; On                 ; On                 ;
; Pre-Mapping Resynthesis Optimization                                       ; Off                ; Off                ;
; Analysis & Synthesis Message Level                                         ; Medium             ; Medium             ;
; Disable Register Merging Across Hierarchies                                ; Auto               ; Auto               ;
; Resource Aware Inference For Block RAM                                     ; On                 ; On                 ;
; Synthesis Seed                                                             ; 1                  ; 1                  ;
+----------------------------------------------------------------------------+--------------------+--------------------+


+------------------------------------------+
; Parallel Compilation                     ;
+----------------------------+-------------+
; Processors                 ; Number      ;
+----------------------------+-------------+
; Number detected on machine ; 12          ;
; Maximum allowed            ; 6           ;
;                            ;             ;
; Average used               ; 1.00        ;
; Maximum used               ; 1           ;
;                            ;             ;
; Usage by Processor         ; % Time Used ;
;     Processor 1            ; 100.0%      ;
;     Processors 2-12        ;   0.0%      ;
+----------------------------+-------------+


+--------------------------------------------------------------------------------------------------------------------------------------+
; Analysis & Synthesis Source Files Read                                                                                               ;
+----------------------------------+-----------------+------------------------+----------------------------------------------+---------+
; File Name with User-Entered Path ; Used in Netlist ; File Type              ; File Name with Absolute Path                 ; Library ;
+----------------------------------+-----------------+------------------------+----------------------------------------------+---------+
; ../rtl/ip_proto_test.v           ; yes             ; User Verilog HDL File  ; L:/FPWG_WORK/FPGA_100ETH/rtl/ip_proto_test.v ;         ;
; ../rtl/ip_protocol.v             ; yes             ; User Verilog HDL File  ; L:/FPWG_WORK/FPGA_100ETH/rtl/ip_protocol.v   ;         ;
; ../rtl/crc32_d4.v                ; yes             ; User Verilog HDL File  ; L:/FPWG_WORK/FPGA_100ETH/rtl/crc32_d4.v      ;         ;
; ../rtl/eth_mac.v                 ; yes             ; User Verilog HDL File  ; L:/FPWG_WORK/FPGA_100ETH/rtl/eth_mac.v       ;         ;
; ../rtl/check_sum.v               ; yes             ; User Verilog HDL File  ; L:/FPWG_WORK/FPGA_100ETH/rtl/check_sum.v     ;         ;
+----------------------------------+-----------------+------------------------+----------------------------------------------+---------+


+----------------------------------------------------------------+
; Analysis & Synthesis Resource Usage Summary                    ;
+---------------------------------------------+------------------+
; Resource                                    ; Usage            ;
+---------------------------------------------+------------------+
; Estimated Total logic elements              ; 297              ;
;                                             ;                  ;
; Total combinational functions               ; 269              ;
; Logic element usage by number of LUT inputs ;                  ;
;     -- 4 input functions                    ; 152              ;
;     -- 3 input functions                    ; 34               ;
;     -- <=2 input functions                  ; 83               ;
;                                             ;                  ;
; Logic elements by mode                      ;                  ;
;     -- normal mode                          ; 204              ;
;     -- arithmetic mode                      ; 65               ;
;                                             ;                  ;
; Total registers                             ; 150              ;
;     -- Dedicated logic registers            ; 150              ;
;     -- I/O registers                        ; 0                ;
;                                             ;                  ;
; I/O pins                                    ; 16               ;
; Embedded Multiplier 9-bit elements          ; 0                ;
; Maximum fan-out node                        ; mii_tx_clk~input ;
; Maximum fan-out                             ; 150              ;
; Total fan-out                               ; 1490             ;
; Average fan-out                             ; 3.30             ;
+---------------------------------------------+------------------+


+-------------------------------------------------------------------------------------------------------------------------------------------------------------------------------------------------------+
; Analysis & Synthesis Resource Utilization by Entity                                                                                                                                                   ;
+----------------------------+-------------------+--------------+-------------+--------------+---------+-----------+------+--------------+-----------------------------------------------+--------------+
; Compilation Hierarchy Node ; LC Combinationals ; LC Registers ; Memory Bits ; DSP Elements ; DSP 9x9 ; DSP 18x18 ; Pins ; Virtual Pins ; Full Hierarchy Name                           ; Library Name ;
+----------------------------+-------------------+--------------+-------------+--------------+---------+-----------+------+--------------+-----------------------------------------------+--------------+
; |ip_proto_test             ; 269 (76)          ; 150 (39)     ; 0           ; 0            ; 0       ; 0         ; 16   ; 0            ; |ip_proto_test                                ;              ;
;    |ip_protocol:ui|        ; 193 (60)          ; 111 (23)     ; 0           ; 0            ; 0       ; 0         ; 0    ; 0            ; |ip_proto_test|ip_protocol:ui                 ;              ;
;       |crc32_d4:crc_u1|    ; 47 (47)           ; 32 (32)      ; 0           ; 0            ; 0       ; 0         ; 0    ; 0            ; |ip_proto_test|ip_protocol:ui|crc32_d4:crc_u1 ;              ;
;       |eth_mac:u0|         ; 86 (86)           ; 56 (56)      ; 0           ; 0            ; 0       ; 0         ; 0    ; 0            ; |ip_proto_test|ip_protocol:ui|eth_mac:u0      ;              ;
+----------------------------+-------------------+--------------+-------------+--------------+---------+-----------+------+--------------+-----------------------------------------------+--------------+
Note: For table entries with two numbers listed, the numbers in parentheses indicate the number of resources of the given type used by the specific entity alone. The numbers listed outside of parentheses indicate the total resources of the given type used by the specific entity and all of its sub-entities in the hierarchy.


+----------------------------------------------------------------------------------------------------------------------------------------------+
; Registers Removed During Synthesis                                                                                                           ;
+----------------------------------------------------------------------------------------+-----------------------------------------------------+
; Register name                                                                          ; Reason for Removal                                  ;
+----------------------------------------------------------------------------------------+-----------------------------------------------------+
; ip_protocol:ui|eth_mac:u0|r_des_mac[2,4,5,11,17..19,21,22,26,28,29,32,36,40..42,45,46] ; Stuck at GND due to stuck port data_in              ;
; ip_protocol:ui|eth_mac:u0|r_src_mac[0..5,8,17..23,25,27,30..32,34,36..47]              ; Stuck at GND due to stuck port data_in              ;
; ip_protocol:ui|eth_mac:u0|r_len_type[0..14]                                            ; Stuck at GND due to stuck port data_in              ;
; ip_protocol:ui|eth_mac:u0|r_len_type[15]                                               ; Merged with ip_protocol:ui|eth_mac:u0|r_src_mac[6]  ;
; ip_protocol:ui|eth_mac:u0|r_src_mac[6]                                                 ; Merged with ip_protocol:ui|eth_mac:u0|r_src_mac[7]  ;
; ip_protocol:ui|eth_mac:u0|r_src_mac[7]                                                 ; Merged with ip_protocol:ui|eth_mac:u0|r_src_mac[9]  ;
; ip_protocol:ui|eth_mac:u0|r_src_mac[9]                                                 ; Merged with ip_protocol:ui|eth_mac:u0|r_src_mac[10] ;
; ip_protocol:ui|eth_mac:u0|r_src_mac[10]                                                ; Merged with ip_protocol:ui|eth_mac:u0|r_src_mac[11] ;
; ip_protocol:ui|eth_mac:u0|r_src_mac[11]                                                ; Merged with ip_protocol:ui|eth_mac:u0|r_src_mac[12] ;
; ip_protocol:ui|eth_mac:u0|r_src_mac[12]                                                ; Merged with ip_protocol:ui|eth_mac:u0|r_src_mac[13] ;
; ip_protocol:ui|eth_mac:u0|r_src_mac[13]                                                ; Merged with ip_protocol:ui|eth_mac:u0|r_src_mac[14] ;
; ip_protocol:ui|eth_mac:u0|r_src_mac[14]                                                ; Merged with ip_protocol:ui|eth_mac:u0|r_src_mac[15] ;
; ip_protocol:ui|eth_mac:u0|r_src_mac[15]                                                ; Merged with ip_protocol:ui|eth_mac:u0|r_src_mac[16] ;
; ip_protocol:ui|eth_mac:u0|r_src_mac[16]                                                ; Merged with ip_protocol:ui|eth_mac:u0|r_src_mac[24] ;
; ip_protocol:ui|eth_mac:u0|r_src_mac[24]                                                ; Merged with ip_protocol:ui|eth_mac:u0|r_src_mac[26] ;
; ip_protocol:ui|eth_mac:u0|r_src_mac[26]                                                ; Merged with ip_protocol:ui|eth_mac:u0|r_src_mac[28] ;
; ip_protocol:ui|eth_mac:u0|r_src_mac[28]                                                ; Merged with ip_protocol:ui|eth_mac:u0|r_src_mac[29] ;
; ip_protocol:ui|eth_mac:u0|r_src_mac[29]                                                ; Merged with ip_protocol:ui|eth_mac:u0|r_src_mac[33] ;
; ip_protocol:ui|eth_mac:u0|r_src_mac[33]                                                ; Merged with ip_protocol:ui|eth_mac:u0|r_src_mac[35] ;
; ip_protocol:ui|eth_mac:u0|r_src_mac[35]                                                ; Merged with ip_protocol:ui|eth_mac:u0|r_des_mac[0]  ;
; ip_protocol:ui|eth_mac:u0|r_des_mac[0]                                                 ; Merged with ip_protocol:ui|eth_mac:u0|r_des_mac[1]  ;
; ip_protocol:ui|eth_mac:u0|r_des_mac[1]                                                 ; Merged with ip_protocol:ui|eth_mac:u0|r_des_mac[3]  ;
; ip_protocol:ui|eth_mac:u0|r_des_mac[3]                                                 ; Merged with ip_protocol:ui|eth_mac:u0|r_des_mac[6]  ;
; ip_protocol:ui|eth_mac:u0|r_des_mac[6]                                                 ; Merged with ip_protocol:ui|eth_mac:u0|r_des_mac[7]  ;
; ip_protocol:ui|eth_mac:u0|r_des_mac[7]                                                 ; Merged with ip_protocol:ui|eth_mac:u0|r_des_mac[8]  ;
; ip_protocol:ui|eth_mac:u0|r_des_mac[8]                                                 ; Merged with ip_protocol:ui|eth_mac:u0|r_des_mac[9]  ;
; ip_protocol:ui|eth_mac:u0|r_des_mac[9]                                                 ; Merged with ip_protocol:ui|eth_mac:u0|r_des_mac[10] ;
; ip_protocol:ui|eth_mac:u0|r_des_mac[10]                                                ; Merged with ip_protocol:ui|eth_mac:u0|r_des_mac[12] ;
; ip_protocol:ui|eth_mac:u0|r_des_mac[12]                                                ; Merged with ip_protocol:ui|eth_mac:u0|r_des_mac[13] ;
; ip_protocol:ui|eth_mac:u0|r_des_mac[13]                                                ; Merged with ip_protocol:ui|eth_mac:u0|r_des_mac[14] ;
; ip_protocol:ui|eth_mac:u0|r_des_mac[14]                                                ; Merged with ip_protocol:ui|eth_mac:u0|r_des_mac[15] ;
; ip_protocol:ui|eth_mac:u0|r_des_mac[15]                                                ; Merged with ip_protocol:ui|eth_mac:u0|r_des_mac[16] ;
; ip_protocol:ui|eth_mac:u0|r_des_mac[16]                                                ; Merged with ip_protocol:ui|eth_mac:u0|r_des_mac[20] ;
; ip_protocol:ui|eth_mac:u0|r_des_mac[20]                                                ; Merged with ip_protocol:ui|eth_mac:u0|r_des_mac[23] ;
; ip_protocol:ui|eth_mac:u0|r_des_mac[23]                                                ; Merged with ip_protocol:ui|eth_mac:u0|r_des_mac[24] ;
; ip_protocol:ui|eth_mac:u0|r_des_mac[24]                                                ; Merged with ip_protocol:ui|eth_mac:u0|r_des_mac[25] ;
; ip_protocol:ui|eth_mac:u0|r_des_mac[25]                                                ; Merged with ip_protocol:ui|eth_mac:u0|r_des_mac[27] ;
; ip_protocol:ui|eth_mac:u0|r_des_mac[27]                                                ; Merged with ip_protocol:ui|eth_mac:u0|r_des_mac[30] ;
; ip_protocol:ui|eth_mac:u0|r_des_mac[30]                                                ; Merged with ip_protocol:ui|eth_mac:u0|r_des_mac[31] ;
; ip_protocol:ui|eth_mac:u0|r_des_mac[31]                                                ; Merged with ip_protocol:ui|eth_mac:u0|r_des_mac[33] ;
; ip_protocol:ui|eth_mac:u0|r_des_mac[33]                                                ; Merged with ip_protocol:ui|eth_mac:u0|r_des_mac[34] ;
; ip_protocol:ui|eth_mac:u0|r_des_mac[34]                                                ; Merged with ip_protocol:ui|eth_mac:u0|r_des_mac[35] ;
; ip_protocol:ui|eth_mac:u0|r_des_mac[35]                                                ; Merged with ip_protocol:ui|eth_mac:u0|r_des_mac[37] ;
; ip_protocol:ui|eth_mac:u0|r_des_mac[37]                                                ; Merged with ip_protocol:ui|eth_mac:u0|r_des_mac[38] ;
; ip_protocol:ui|eth_mac:u0|r_des_mac[38]                                                ; Merged with ip_protocol:ui|eth_mac:u0|r_des_mac[39] ;
; ip_protocol:ui|eth_mac:u0|r_des_mac[39]                                                ; Merged with ip_protocol:ui|eth_mac:u0|r_des_mac[43] ;
; ip_protocol:ui|eth_mac:u0|r_des_mac[43]                                                ; Merged with ip_protocol:ui|eth_mac:u0|r_des_mac[44] ;
; ip_protocol:ui|eth_mac:u0|r_des_mac[44]                                                ; Merged with ip_protocol:ui|eth_mac:u0|r_des_mac[47] ;
; ip_protocol:ui|eth_mac:u0|r_crc_res[25]                                                ; Merged with ip_protocol:ui|eth_mac:u0|r_crc_res[29] ;
; ip_protocol:ui|eth_mac:u0|r_crc_res[24]                                                ; Merged with ip_protocol:ui|eth_mac:u0|r_crc_res[28] ;
; Total Number of Removed Registers = 113                                                ;                                                     ;
+----------------------------------------------------------------------------------------+-----------------------------------------------------+


+------------------------------------------------------+
; General Register Statistics                          ;
+----------------------------------------------+-------+
; Statistic                                    ; Value ;
+----------------------------------------------+-------+
; Total registers                              ; 150   ;
; Number of registers using Synchronous Clear  ; 17    ;
; Number of registers using Synchronous Load   ; 24    ;
; Number of registers using Asynchronous Clear ; 150   ;
; Number of registers using Asynchronous Load  ; 0     ;
; Number of registers using Clock Enable       ; 92    ;
; Number of registers using Preset             ; 0     ;
+----------------------------------------------+-------+


+---------------------------------------------------+
; Inverted Register Statistics                      ;
+-----------------------------------------+---------+
; Inverted Register                       ; Fan out ;
+-----------------------------------------+---------+
; ip_protocol:ui|crc32_d4:crc_u1|Crc[27]  ; 2       ;
; ip_protocol:ui|crc32_d4:crc_u1|Crc[3]   ; 2       ;
; ip_protocol:ui|crc32_d4:crc_u1|Crc[7]   ; 2       ;
; ip_protocol:ui|crc32_d4:crc_u1|Crc[19]  ; 2       ;
; ip_protocol:ui|crc32_d4:crc_u1|Crc[15]  ; 2       ;
; ip_protocol:ui|crc32_d4:crc_u1|Crc[23]  ; 2       ;
; ip_protocol:ui|crc32_d4:crc_u1|Crc[11]  ; 2       ;
; ip_protocol:ui|crc32_d4:crc_u1|Crc[18]  ; 2       ;
; ip_protocol:ui|crc32_d4:crc_u1|Crc[14]  ; 2       ;
; ip_protocol:ui|crc32_d4:crc_u1|Crc[22]  ; 2       ;
; ip_protocol:ui|crc32_d4:crc_u1|Crc[10]  ; 2       ;
; ip_protocol:ui|crc32_d4:crc_u1|Crc[2]   ; 2       ;
; ip_protocol:ui|crc32_d4:crc_u1|Crc[6]   ; 2       ;
; ip_protocol:ui|crc32_d4:crc_u1|Crc[26]  ; 2       ;
; ip_protocol:ui|crc32_d4:crc_u1|Crc[25]  ; 3       ;
; ip_protocol:ui|crc32_d4:crc_u1|Crc[31]  ; 4       ;
; ip_protocol:ui|crc32_d4:crc_u1|Crc[1]   ; 2       ;
; ip_protocol:ui|crc32_d4:crc_u1|Crc[5]   ; 2       ;
; ip_protocol:ui|crc32_d4:crc_u1|Crc[13]  ; 2       ;
; ip_protocol:ui|crc32_d4:crc_u1|Crc[17]  ; 2       ;
; ip_protocol:ui|crc32_d4:crc_u1|Crc[21]  ; 2       ;
; ip_protocol:ui|crc32_d4:crc_u1|Crc[9]   ; 2       ;
; ip_protocol:ui|crc32_d4:crc_u1|Crc[16]  ; 2       ;
; ip_protocol:ui|crc32_d4:crc_u1|Crc[12]  ; 2       ;
; ip_protocol:ui|crc32_d4:crc_u1|Crc[20]  ; 2       ;
; ip_protocol:ui|crc32_d4:crc_u1|Crc[8]   ; 2       ;
; ip_protocol:ui|crc32_d4:crc_u1|Crc[0]   ; 2       ;
; ip_protocol:ui|crc32_d4:crc_u1|Crc[4]   ; 2       ;
; ip_protocol:ui|crc32_d4:crc_u1|Crc[24]  ; 3       ;
; ip_protocol:ui|crc32_d4:crc_u1|Crc[30]  ; 4       ;
; ip_protocol:ui|crc32_d4:crc_u1|Crc[29]  ; 3       ;
; ip_protocol:ui|crc32_d4:crc_u1|Crc[28]  ; 5       ;
; Total number of inverted registers = 32 ;         ;
+-----------------------------------------+---------+


+----------------------------------------------------------------------------------------------------------------------------------------------------------------------+
; Multiplexer Restructuring Statistics (Restructuring Performed)                                                                                                       ;
+--------------------+-----------+---------------+----------------------+------------------------+------------+--------------------------------------------------------+
; Multiplexer Inputs ; Bus Width ; Baseline Area ; Area if Restructured ; Saving if Restructured ; Registered ; Example Multiplexer Output                             ;
+--------------------+-----------+---------------+----------------------+------------------------+------------+--------------------------------------------------------+
; 3:1                ; 12 bits   ; 24 LEs        ; 12 LEs               ; 12 LEs                 ; Yes        ; |ip_proto_test|ip_protocol:ui|eth_mac:u0|r_data_num[5] ;
; 3:1                ; 12 bits   ; 24 LEs        ; 12 LEs               ; 12 LEs                 ; Yes        ; |ip_proto_test|ip_protocol:ui|data_cnt[0]              ;
; 3:1                ; 6 bits    ; 12 LEs        ; 6 LEs                ; 6 LEs                  ; Yes        ; |ip_proto_test|ip_protocol:ui|cnt[5]                   ;
; 128:1              ; 4 bits    ; 340 LEs       ; 96 LEs               ; 244 LEs                ; Yes        ; |ip_proto_test|ip_protocol:ui|mac_data[0]              ;
; 3:1                ; 32 bits   ; 64 LEs        ; 32 LEs               ; 32 LEs                 ; Yes        ; |ip_proto_test|ip_protocol:ui|crc32_d4:crc_u1|Crc[30]  ;
+--------------------+-----------+---------------+----------------------+------------------------+------------+--------------------------------------------------------+


+-------------------------------------------------------------------------------+
; Parameter Settings for User Entity Instance: Top-level Entity: |ip_proto_test ;
+----------------+----------------------------------+---------------------------+
; Parameter Name ; Value                            ; Type                      ;
+----------------+----------------------------------+---------------------------+
; CRC            ; 10110001111010000101111101000000 ; Unsigned Binary           ;
+----------------+----------------------------------+---------------------------+
Note: In order to hide this table in the UI and the text report file, please set the "Show Parameter Settings in Synthesis Report" option in "Analysis and Synthesis Settings -> More Settings" to "Off".


+-----------------------------------------------------------------------------+
; Parameter Settings for User Entity Instance: ip_protocol:ui|crc32_d4:crc_u1 ;
+----------------+-------+----------------------------------------------------+
; Parameter Name ; Value ; Type                                               ;
+----------------+-------+----------------------------------------------------+
; Tp             ; 1     ; Signed Integer                                     ;
+----------------+-------+----------------------------------------------------+
Note: In order to hide this table in the UI and the text report file, please set the "Show Parameter Settings in Synthesis Report" option in "Analysis and Synthesis Settings -> More Settings" to "Off".


+--------------------------------------------------------------------------------------------------------------------------------------------------------------------------------------------------------------------------+
; Port Connectivity Checks: "ip_protocol:ui|check_sum:cksum_u7"                                                                                                                                                            ;
+-----------------+-------+----------+-------------------------------------------------------------------------------------------------------------------------------------------------------------------------------------+
; Port            ; Type  ; Severity ; Details                                                                                                                                                                             ;
+-----------------+-------+----------+-------------------------------------------------------------------------------------------------------------------------------------------------------------------------------------+
; ver             ; Input ; Warning  ; Input port expression (32 bits) is wider than the input port (4 bits) it drives.  The 28 most-significant bit(s) in the expression will be dangling if they have no other fanouts.  ;
; ver[1..0]       ; Input ; Info     ; Stuck at GND                                                                                                                                                                        ;
; ver[3]          ; Input ; Info     ; Stuck at GND                                                                                                                                                                        ;
; ver[2]          ; Input ; Info     ; Stuck at VCC                                                                                                                                                                        ;
; hdr_len         ; Input ; Warning  ; Input port expression (32 bits) is wider than the input port (4 bits) it drives.  The 28 most-significant bit(s) in the expression will be dangling if they have no other fanouts.  ;
; hdr_len[3]      ; Input ; Info     ; Stuck at GND                                                                                                                                                                        ;
; hdr_len[2]      ; Input ; Info     ; Stuck at VCC                                                                                                                                                                        ;
; hdr_len[1]      ; Input ; Info     ; Stuck at GND                                                                                                                                                                        ;
; hdr_len[0]      ; Input ; Info     ; Stuck at VCC                                                                                                                                                                        ;
; tos             ; Input ; Warning  ; Input port expression (32 bits) is wider than the input port (8 bits) it drives.  The 24 most-significant bit(s) in the expression will be dangling if they have no other fanouts.  ;
; tos[7..0]       ; Input ; Info     ; Stuck at GND                                                                                                                                                                        ;
; tot_len[15..13] ; Input ; Info     ; Stuck at GND                                                                                                                                                                        ;
; id[8..7]        ; Input ; Info     ; Stuck at VCC                                                                                                                                                                        ;
; id[5..4]        ; Input ; Info     ; Stuck at VCC                                                                                                                                                                        ;
; id[1..0]        ; Input ; Info     ; Stuck at VCC                                                                                                                                                                        ;
; id[15..14]      ; Input ; Info     ; Stuck at GND                                                                                                                                                                        ;
; id[12..9]       ; Input ; Info     ; Stuck at GND                                                                                                                                                                        ;
; id[3..2]        ; Input ; Info     ; Stuck at GND                                                                                                                                                                        ;
; id[13]          ; Input ; Info     ; Stuck at VCC                                                                                                                                                                        ;
; id[6]           ; Input ; Info     ; Stuck at GND                                                                                                                                                                        ;
; offset          ; Input ; Warning  ; Input port expression (32 bits) is wider than the input port (16 bits) it drives.  The 16 most-significant bit(s) in the expression will be dangling if they have no other fanouts. ;
; offset[15..0]   ; Input ; Info     ; Stuck at GND                                                                                                                                                                        ;
; ttl             ; Input ; Warning  ; Input port expression (32 bits) is wider than the input port (8 bits) it drives.  The 24 most-significant bit(s) in the expression will be dangling if they have no other fanouts.  ;
; ttl[5..0]       ; Input ; Info     ; Stuck at GND                                                                                                                                                                        ;
; ttl[7]          ; Input ; Info     ; Stuck at GND                                                                                                                                                                        ;
; ttl[6]          ; Input ; Info     ; Stuck at VCC                                                                                                                                                                        ;
; protocol        ; Input ; Warning  ; Input port expression (32 bits) is wider than the input port (8 bits) it drives.  The 24 most-significant bit(s) in the expression will be dangling if they have no other fanouts.  ;
; protocol[7..5]  ; Input ; Info     ; Stuck at GND                                                                                                                                                                        ;
; protocol[3..1]  ; Input ; Info     ; Stuck at GND                                                                                                                                                                        ;
; protocol[4]     ; Input ; Info     ; Stuck at VCC                                                                                                                                                                        ;
; protocol[0]     ; Input ; Info     ; Stuck at VCC                                                                                                                                                                        ;
; src_ip[31..30]  ; Input ; Info     ; Stuck at VCC                                                                                                                                                                        ;
; src_ip[4..3]    ; Input ; Info     ; Stuck at VCC                                                                                                                                                                        ;
; src_ip[29..24]  ; Input ; Info     ; Stuck at GND                                                                                                                                                                        ;
; src_ip[18..16]  ; Input ; Info     ; Stuck at GND                                                                                                                                                                        ;
; src_ip[14..12]  ; Input ; Info     ; Stuck at GND                                                                                                                                                                        ;
; src_ip[10..9]   ; Input ; Info     ; Stuck at GND                                                                                                                                                                        ;
; src_ip[2..0]    ; Input ; Info     ; Stuck at GND                                                                                                                                                                        ;
; src_ip[23]      ; Input ; Info     ; Stuck at VCC                                                                                                                                                                        ;
; src_ip[22]      ; Input ; Info     ; Stuck at GND                                                                                                                                                                        ;
; src_ip[21]      ; Input ; Info     ; Stuck at VCC                                                                                                                                                                        ;
; src_ip[20]      ; Input ; Info     ; Stuck at GND                                                                                                                                                                        ;
; src_ip[19]      ; Input ; Info     ; Stuck at VCC                                                                                                                                                                        ;
; src_ip[15]      ; Input ; Info     ; Stuck at VCC                                                                                                                                                                        ;
; src_ip[11]      ; Input ; Info     ; Stuck at VCC                                                                                                                                                                        ;
; src_ip[8]       ; Input ; Info     ; Stuck at VCC                                                                                                                                                                        ;
; src_ip[7]       ; Input ; Info     ; Stuck at GND                                                                                                                                                                        ;
; src_ip[6]       ; Input ; Info     ; Stuck at VCC                                                                                                                                                                        ;
; src_ip[5]       ; Input ; Info     ; Stuck at GND                                                                                                                                                                        ;
; dst_ip[31..30]  ; Input ; Info     ; Stuck at VCC                                                                                                                                                                        ;
; dst_ip[29..24]  ; Input ; Info     ; Stuck at GND                                                                                                                                                                        ;
; dst_ip[18..16]  ; Input ; Info     ; Stuck at GND                                                                                                                                                                        ;
; dst_ip[14..12]  ; Input ; Info     ; Stuck at GND                                                                                                                                                                        ;
; dst_ip[10..9]   ; Input ; Info     ; Stuck at GND                                                                                                                                                                        ;
; dst_ip[7..1]    ; Input ; Info     ; Stuck at GND                                                                                                                                                                        ;
; dst_ip[23]      ; Input ; Info     ; Stuck at VCC                                                                                                                                                                        ;
; dst_ip[22]      ; Input ; Info     ; Stuck at GND                                                                                                                                                                        ;
; dst_ip[21]      ; Input ; Info     ; Stuck at VCC                                                                                                                                                                        ;
; dst_ip[20]      ; Input ; Info     ; Stuck at GND                                                                                                                                                                        ;
; dst_ip[19]      ; Input ; Info     ; Stuck at VCC                                                                                                                                                                        ;
; dst_ip[15]      ; Input ; Info     ; Stuck at VCC                                                                                                                                                                        ;
; dst_ip[11]      ; Input ; Info     ; Stuck at VCC                                                                                                                                                                        ;
; dst_ip[8]       ; Input ; Info     ; Stuck at VCC                                                                                                                                                                        ;
; dst_ip[0]       ; Input ; Info     ; Stuck at VCC                                                                                                                                                                        ;
+-----------------+-------+----------+-------------------------------------------------------------------------------------------------------------------------------------------------------------------------------------+


+--------------------------------------------------------------------------------------------------------------------------------------------------------------------------------------------------------------------------+
; Port Connectivity Checks: "ip_protocol:ui|eth_mac:u0"                                                                                                                                                                    ;
+-----------------+--------+----------+------------------------------------------------------------------------------------------------------------------------------------------------------------------------------------+
; Port            ; Type   ; Severity ; Details                                                                                                                                                                            ;
+-----------------+--------+----------+------------------------------------------------------------------------------------------------------------------------------------------------------------------------------------+
; data_len        ; Input  ; Warning  ; Input port expression (16 bits) is wider than the input port (12 bits) it drives.  The 4 most-significant bit(s) in the expression will be dangling if they have no other fanouts. ;
; data_len[0]     ; Input  ; Info     ; Stuck at GND                                                                                                                                                                       ;
; des_mac[44..43] ; Input  ; Info     ; Stuck at VCC                                                                                                                                                                       ;
; des_mac[39..37] ; Input  ; Info     ; Stuck at VCC                                                                                                                                                                       ;
; des_mac[35..33] ; Input  ; Info     ; Stuck at VCC                                                                                                                                                                       ;
; des_mac[31..30] ; Input  ; Info     ; Stuck at VCC                                                                                                                                                                       ;
; des_mac[25..23] ; Input  ; Info     ; Stuck at VCC                                                                                                                                                                       ;
; des_mac[16..12] ; Input  ; Info     ; Stuck at VCC                                                                                                                                                                       ;
; des_mac[10..6]  ; Input  ; Info     ; Stuck at VCC                                                                                                                                                                       ;
; des_mac[1..0]   ; Input  ; Info     ; Stuck at VCC                                                                                                                                                                       ;
; des_mac[46..45] ; Input  ; Info     ; Stuck at GND                                                                                                                                                                       ;
; des_mac[42..40] ; Input  ; Info     ; Stuck at GND                                                                                                                                                                       ;
; des_mac[29..28] ; Input  ; Info     ; Stuck at GND                                                                                                                                                                       ;
; des_mac[22..21] ; Input  ; Info     ; Stuck at GND                                                                                                                                                                       ;
; des_mac[19..17] ; Input  ; Info     ; Stuck at GND                                                                                                                                                                       ;
; des_mac[5..4]   ; Input  ; Info     ; Stuck at GND                                                                                                                                                                       ;
; des_mac[47]     ; Input  ; Info     ; Stuck at VCC                                                                                                                                                                       ;
; des_mac[36]     ; Input  ; Info     ; Stuck at GND                                                                                                                                                                       ;
; des_mac[32]     ; Input  ; Info     ; Stuck at GND                                                                                                                                                                       ;
; des_mac[27]     ; Input  ; Info     ; Stuck at VCC                                                                                                                                                                       ;
; des_mac[26]     ; Input  ; Info     ; Stuck at GND                                                                                                                                                                       ;
; des_mac[20]     ; Input  ; Info     ; Stuck at VCC                                                                                                                                                                       ;
; des_mac[11]     ; Input  ; Info     ; Stuck at GND                                                                                                                                                                       ;
; des_mac[3]      ; Input  ; Info     ; Stuck at VCC                                                                                                                                                                       ;
; des_mac[2]      ; Input  ; Info     ; Stuck at GND                                                                                                                                                                       ;
; src_mac[29..28] ; Input  ; Info     ; Stuck at VCC                                                                                                                                                                       ;
; src_mac[16..9]  ; Input  ; Info     ; Stuck at VCC                                                                                                                                                                       ;
; src_mac[7..6]   ; Input  ; Info     ; Stuck at VCC                                                                                                                                                                       ;
; src_mac[47..36] ; Input  ; Info     ; Stuck at GND                                                                                                                                                                       ;
; src_mac[32..30] ; Input  ; Info     ; Stuck at GND                                                                                                                                                                       ;
; src_mac[23..17] ; Input  ; Info     ; Stuck at GND                                                                                                                                                                       ;
; src_mac[5..0]   ; Input  ; Info     ; Stuck at GND                                                                                                                                                                       ;
; src_mac[35]     ; Input  ; Info     ; Stuck at VCC                                                                                                                                                                       ;
; src_mac[34]     ; Input  ; Info     ; Stuck at GND                                                                                                                                                                       ;
; src_mac[33]     ; Input  ; Info     ; Stuck at VCC                                                                                                                                                                       ;
; src_mac[27]     ; Input  ; Info     ; Stuck at GND                                                                                                                                                                       ;
; src_mac[26]     ; Input  ; Info     ; Stuck at VCC                                                                                                                                                                       ;
; src_mac[25]     ; Input  ; Info     ; Stuck at GND                                                                                                                                                                       ;
; src_mac[24]     ; Input  ; Info     ; Stuck at VCC                                                                                                                                                                       ;
; src_mac[8]      ; Input  ; Info     ; Stuck at GND                                                                                                                                                                       ;
; len_type[14..0] ; Input  ; Info     ; Stuck at GND                                                                                                                                                                       ;
; len_type[15]    ; Input  ; Info     ; Stuck at VCC                                                                                                                                                                       ;
; fifo_ck         ; Output ; Info     ; Explicitly unconnected                                                                                                                                                             ;
+-----------------+--------+----------+------------------------------------------------------------------------------------------------------------------------------------------------------------------------------------+


+------------------------------------------------------------+
; Port Connectivity Checks: "ip_protocol:ui|crc32_d4:crc_u1" ;
+----------+--------+----------+-----------------------------+
; Port     ; Type   ; Severity ; Details                     ;
+----------+--------+----------+-----------------------------+
; Crc      ; Output ; Info     ; Explicitly unconnected      ;
; CrcError ; Output ; Info     ; Explicitly unconnected      ;
+----------+--------+----------+-----------------------------+


+---------------------------------------------------------------------------------------------------------------------------------------------------------------------------------------+
; Port Connectivity Checks: "ip_protocol:ui"                                                                                                                                            ;
+-----------------+--------+----------+-------------------------------------------------------------------------------------------------------------------------------------------------+
; Port            ; Type   ; Severity ; Details                                                                                                                                         ;
+-----------------+--------+----------+-------------------------------------------------------------------------------------------------------------------------------------------------+
; data_len[4..2]  ; Input  ; Info     ; Stuck at VCC                                                                                                                                    ;
; data_len[11..5] ; Input  ; Info     ; Stuck at GND                                                                                                                                    ;
; data_len[1..0]  ; Input  ; Info     ; Stuck at GND                                                                                                                                    ;
; fifo_ck         ; Output ; Info     ; Connected to dangling logic. Logic that only feeds a dangling port will be removed.                                                             ;
; fifo_da         ; Input  ; Warning  ; Input port expression (4 bits) is smaller than the input port (5 bits) it drives.  Extra input bit(s) "fifo_da[4..4]" will be connected to GND. ;
+-----------------+--------+----------+-------------------------------------------------------------------------------------------------------------------------------------------------+


+-------------------------------+
; Elapsed Time Per Partition    ;
+----------------+--------------+
; Partition Name ; Elapsed Time ;
+----------------+--------------+
; Top            ; 00:00:01     ;
+----------------+--------------+


+-------------------------------+
; Analysis & Synthesis Messages ;
+-------------------------------+
Info: *******************************************************************
Info: Running Quartus II 64-Bit Analysis & Synthesis
    Info: Version 13.0.0 Build 156 04/24/2013 SJ Full Version
    Info: Processing started: Sat Feb 23 10:35:24 2019
Info: Command: quartus_map --read_settings_files=on --write_settings_files=off eth -c eth
Info (11104): Parallel Compilation has detected 12 hyper-threaded processors. However, the extra hyper-threaded processors will not be used by default. Parallel Compilation will use 6 of the 6 physical processors detected instead.
Info (12021): Found 1 design units, including 1 entities, in source file /fpwg_work/fpga_100eth/rtl/ip_proto_test.v
    Info (12023): Found entity 1: ip_proto_test
Info (12021): Found 1 design units, including 1 entities, in source file /fpwg_work/fpga_100eth/rtl/ip_protocol.v
    Info (12023): Found entity 1: ip_protocol
Info (12021): Found 1 design units, including 1 entities, in source file /fpwg_work/fpga_100eth/rtl/crc32_d4.v
    Info (12023): Found entity 1: crc32_d4
Info (12021): Found 1 design units, including 1 entities, in source file /fpwg_work/fpga_100eth/rtl/eth_mac.v
    Info (12023): Found entity 1: eth_mac
Info (12021): Found 1 design units, including 1 entities, in source file /fpwg_work/fpga_100eth/rtl/eth.v
    Info (12023): Found entity 1: eth
Info (12021): Found 1 design units, including 1 entities, in source file /fpwg_work/fpga_100eth/tb/eth_mac_tb.v
    Info (12023): Found entity 1: eth_mac_tb
Info (12021): Found 1 design units, including 1 entities, in source file /fpwg_work/fpga_100eth/tb/eth_tb.v
    Info (12023): Found entity 1: eth_tb
Info (12021): Found 1 design units, including 1 entities, in source file /fpwg_work/fpga_100eth/rtl/check_sum.v
    Info (12023): Found entity 1: check_sum
Info (12021): Found 1 design units, including 1 entities, in source file /fpwg_work/fpga_100eth/tb/check_sum_tb.v
    Info (12023): Found entity 1: check_sum_tb
Info (12021): Found 1 design units, including 1 entities, in source file /fpwg_work/fpga_100eth/tb/ip_protocol_tb.v
    Info (12023): Found entity 1: ip_protocol_tb
Info (12021): Found 1 design units, including 1 entities, in source file /fpwg_work/fpga_100eth/tb/ip_proto_test_tb.v
    Info (12023): Found entity 1: ip_proto_test_tb
Warning (10236): Verilog HDL Implicit Net warning at ip_proto_test.v(50): created implicit net for "tx_go"
Warning (10236): Verilog HDL Implicit Net warning at eth.v(64): created implicit net for "tx_go"
Info (12127): Elaborating entity "ip_proto_test" for the top level hierarchy
Warning (10036): Verilog HDL or VHDL warning at ip_proto_test.v(36): object "crc_result" assigned a value but never read
Info (12128): Elaborating entity "ip_protocol" for hierarchy "ip_protocol:ui"
Warning (10230): Verilog HDL assignment warning at ip_protocol.v(45): truncated value with size 32 to match size of target (16)
Warning (10230): Verilog HDL assignment warning at ip_protocol.v(49): truncated value with size 32 to match size of target (16)
Warning (10230): Verilog HDL assignment warning at ip_protocol.v(171): truncated value with size 5 to match size of target (4)
Info (12128): Elaborating entity "crc32_d4" for hierarchy "ip_protocol:ui|crc32_d4:crc_u1"
Info (12128): Elaborating entity "eth_mac" for hierarchy "ip_protocol:ui|eth_mac:u0"
Warning (10036): Verilog HDL or VHDL warning at eth_mac.v(43): object "r_data_len" assigned a value but never read
Warning (10034): Output port "mii_tx_er" at eth_mac.v(38) has no driver
Info (12128): Elaborating entity "check_sum" for hierarchy "ip_protocol:ui|check_sum:cksum_u7"
Warning (12241): 3 hierarchies have connectivity warnings - see the Connectivity Checks report folder
Info (13000): Registers with preset signals will power-up high
Info (13003): DEV_CLRn pin will set, and not reset, register with preset signal due to NOT Gate Push-Back
Warning (13024): Output pins are stuck at VCC or GND
    Warning (13410): Pin "mii_tx_er" is stuck at GND
    Warning (13410): Pin "phy_rst_n" is stuck at VCC
Info (286030): Timing-Driven Synthesis is running
Info (144001): Generated suppressed messages file L:/FPWG_WORK/FPGA_100ETH/proj/output_files/eth.map.smsg
Info (16010): Generating hard_block partition "hard_block:auto_generated_inst"
    Info (16011): Adding 0 node(s), including 0 DDIO, 0 PLL, 0 transceiver and 0 LCELL
Warning (21074): Design contains 7 input pin(s) that do not drive logic
    Warning (15610): No output dependent on input pin "mii_rx_clk"
    Warning (15610): No output dependent on input pin "mii_rx_dv"
    Warning (15610): No output dependent on input pin "mii_rx_er"
    Warning (15610): No output dependent on input pin "mii_rx_da[0]"
    Warning (15610): No output dependent on input pin "mii_rx_da[1]"
    Warning (15610): No output dependent on input pin "mii_rx_da[2]"
    Warning (15610): No output dependent on input pin "mii_rx_da[3]"
Info (21057): Implemented 313 device resources after synthesis - the final resource count might be different
    Info (21058): Implemented 9 input pins
    Info (21059): Implemented 7 output pins
    Info (21061): Implemented 297 logic cells
Info: Quartus II 64-Bit Analysis & Synthesis was successful. 0 errors, 20 warnings
    Info: Peak virtual memory: 4640 megabytes
    Info: Processing ended: Sat Feb 23 10:35:26 2019
    Info: Elapsed time: 00:00:02
    Info: Total CPU time (on all processors): 00:00:02


+------------------------------------------+
; Analysis & Synthesis Suppressed Messages ;
+------------------------------------------+
The suppressed messages can be found in L:/FPWG_WORK/FPGA_100ETH/proj/output_files/eth.map.smsg.


