Flow report for eth
Sat Feb 23 17:26:07 2019
Quartus II 64-Bit Version 13.0.0 Build 156 04/24/2013 SJ Full Version


---------------------
; Table of Contents ;
---------------------
  1. Legal Notice
  2. Flow Summary
  3. Flow Settings
  4. Flow Non-Default Global Settings
  5. Flow Elapsed Time
  6. Flow OS Summary
  7. Flow Log
  8. Flow Messages
  9. Flow Suppressed Messages



----------------
; Legal Notice ;
----------------
Copyright (C) 1991-2013 Altera Corporation
Your use of Altera Corporation's design tools, logic functions 
and other software and tools, and its AMPP partner logic 
functions, and any output files from any of the foregoing 
(including device programming or simulation files), and any 
associated documentation or information are expressly subject 
to the terms and conditions of the Altera Program License 
Subscription Agreement, Altera MegaCore Function License 
Agreement, or other applicable license agreement, including, 
without limitation, that your use is for the sole purpose of 
programming logic devices manufactured by Altera and sold by 
Altera or its authorized distributors.  Please refer to the 
applicable agreement for further details.



+----------------------------------------------------------------------------------+
; Flow Summary                                                                     ;
+------------------------------------+---------------------------------------------+
; Flow Status                        ; Successful - Sat Feb 23 17:26:07 2019       ;
; Quartus II 64-Bit Version          ; 13.0.0 Build 156 04/24/2013 SJ Full Version ;
; Revision Name                      ; eth                                         ;
; Top-level Entity Name              ; udp_proto_test                              ;
; Family                             ; Cyclone IV E                                ;
; Device                             ; EP4CE10F17C8                                ;
; Timing Models                      ; Final                                       ;
; Total logic elements               ; 899 / 10,320 ( 9 % )                        ;
;     Total combinational functions  ; 707 / 10,320 ( 7 % )                        ;
;     Dedicated logic registers      ; 605 / 10,320 ( 6 % )                        ;
; Total registers                    ; 605                                         ;
; Total pins                         ; 16 / 180 ( 9 % )                            ;
; Total virtual pins                 ; 0                                           ;
; Total memory bits                  ; 1,536 / 423,936 ( < 1 % )                   ;
; Embedded Multiplier 9-bit elements ; 0 / 46 ( 0 % )                              ;
; Total PLLs                         ; 0 / 2 ( 0 % )                               ;
+------------------------------------+---------------------------------------------+


+-----------------------------------------+
; Flow Settings                           ;
+-------------------+---------------------+
; Option            ; Setting             ;
+-------------------+---------------------+
; Start date & time ; 02/23/2019 15:50:15 ;
; Main task         ; Compilation         ;
; Revision Name     ; eth                 ;
+-------------------+---------------------+


+---------------------------------------------------------------------------------------------------------------------------------+
; Flow Non-Default Global Settings                                                                                                ;
+--------------------------------------+---------------------------------------+---------------+---------------+------------------+
; Assignment Name                      ; Value                                 ; Default Value ; Entity Name   ; Section Id       ;
+--------------------------------------+---------------------------------------+---------------+---------------+------------------+
; COMPILER_SIGNATURE_ID                ; 690516656130.155090821528736          ; --            ; --            ; --               ;
; EDA_DESIGN_INSTANCE_NAME             ; NA                                    ; --            ; --            ; eth_mac_tb       ;
; EDA_DESIGN_INSTANCE_NAME             ; NA                                    ; --            ; --            ; eth_tb           ;
; EDA_DESIGN_INSTANCE_NAME             ; NA                                    ; --            ; --            ; check_sum_tb     ;
; EDA_DESIGN_INSTANCE_NAME             ; NA                                    ; --            ; --            ; ip_protocol_tb   ;
; EDA_DESIGN_INSTANCE_NAME             ; NA                                    ; --            ; --            ; ip_proto_test_tb ;
; EDA_NATIVELINK_SIMULATION_TEST_BENCH ; ip_proto_test_tb                      ; --            ; --            ; eda_simulation   ;
; EDA_OUTPUT_DATA_FORMAT               ; Verilog Hdl                           ; --            ; --            ; eda_simulation   ;
; EDA_SIMULATION_TOOL                  ; ModelSim-Altera (Verilog)             ; <None>        ; --            ; --               ;
; EDA_TEST_BENCH_ENABLE_STATUS         ; TEST_BENCH_MODE                       ; --            ; --            ; eda_simulation   ;
; EDA_TEST_BENCH_FILE                  ; ../tb/eth_mac_tb.v                    ; --            ; --            ; eth_mac_tb       ;
; EDA_TEST_BENCH_FILE                  ; ../rtl/eth_mac.v                      ; --            ; --            ; eth_mac_tb       ;
; EDA_TEST_BENCH_FILE                  ; ../rtl/eth.v                          ; --            ; --            ; eth_mac_tb       ;
; EDA_TEST_BENCH_FILE                  ; ../tb/eth_tb.v                        ; --            ; --            ; eth_tb           ;
; EDA_TEST_BENCH_FILE                  ; ../rtl/eth_mac.v                      ; --            ; --            ; eth_tb           ;
; EDA_TEST_BENCH_FILE                  ; ../rtl/eth.v                          ; --            ; --            ; eth_tb           ;
; EDA_TEST_BENCH_FILE                  ; ../tb/check_sum_tb.v                  ; --            ; --            ; check_sum_tb     ;
; EDA_TEST_BENCH_FILE                  ; ../rtl/check_sum.v                    ; --            ; --            ; check_sum_tb     ;
; EDA_TEST_BENCH_FILE                  ; ../tb/ip_protocol_tb.v                ; --            ; --            ; ip_protocol_tb   ;
; EDA_TEST_BENCH_FILE                  ; ../rtl/eth_mac.v                      ; --            ; --            ; ip_protocol_tb   ;
; EDA_TEST_BENCH_FILE                  ; ../rtl/crc32_d4.v                     ; --            ; --            ; ip_protocol_tb   ;
; EDA_TEST_BENCH_FILE                  ; ../rtl/eth.v                          ; --            ; --            ; ip_protocol_tb   ;
; EDA_TEST_BENCH_FILE                  ; ../rtl/check_sum.v                    ; --            ; --            ; ip_protocol_tb   ;
; EDA_TEST_BENCH_FILE                  ; ../rtl/ip_protocol.v                  ; --            ; --            ; ip_protocol_tb   ;
; EDA_TEST_BENCH_FILE                  ; ../tb/ip_proto_test_tb.v              ; --            ; --            ; ip_proto_test_tb ;
; EDA_TEST_BENCH_FILE                  ; ../rtl/eth_mac.v                      ; --            ; --            ; ip_proto_test_tb ;
; EDA_TEST_BENCH_FILE                  ; ../rtl/crc32_d4.v                     ; --            ; --            ; ip_proto_test_tb ;
; EDA_TEST_BENCH_FILE                  ; ../rtl/eth.v                          ; --            ; --            ; ip_proto_test_tb ;
; EDA_TEST_BENCH_FILE                  ; ../rtl/check_sum.v                    ; --            ; --            ; ip_proto_test_tb ;
; EDA_TEST_BENCH_FILE                  ; ../rtl/ip_protocol.v                  ; --            ; --            ; ip_proto_test_tb ;
; EDA_TEST_BENCH_FILE                  ; ../rtl/ip_proto_test.v                ; --            ; --            ; ip_proto_test_tb ;
; EDA_TEST_BENCH_MODULE_NAME           ; eth_mac_tb                            ; --            ; --            ; eth_mac_tb       ;
; EDA_TEST_BENCH_MODULE_NAME           ; eth_tb                                ; --            ; --            ; eth_tb           ;
; EDA_TEST_BENCH_MODULE_NAME           ; check_sum_tb                          ; --            ; --            ; check_sum_tb     ;
; EDA_TEST_BENCH_MODULE_NAME           ; ip_protocol_tb                        ; --            ; --            ; ip_protocol_tb   ;
; EDA_TEST_BENCH_MODULE_NAME           ; ip_proto_test_tb                      ; --            ; --            ; ip_proto_test_tb ;
; EDA_TEST_BENCH_NAME                  ; eth_mac_tb                            ; --            ; --            ; eda_simulation   ;
; EDA_TEST_BENCH_NAME                  ; eth_tb                                ; --            ; --            ; eda_simulation   ;
; EDA_TEST_BENCH_NAME                  ; check_sum_tb                          ; --            ; --            ; eda_simulation   ;
; EDA_TEST_BENCH_NAME                  ; ip_protocol_tb                        ; --            ; --            ; eda_simulation   ;
; EDA_TEST_BENCH_NAME                  ; ip_proto_test_tb                      ; --            ; --            ; eda_simulation   ;
; EDA_TIME_SCALE                       ; 1 ps                                  ; --            ; --            ; eda_simulation   ;
; MAX_CORE_JUNCTION_TEMP               ; 85                                    ; --            ; --            ; --               ;
; MIN_CORE_JUNCTION_TEMP               ; 0                                     ; --            ; --            ; --               ;
; NOMINAL_CORE_SUPPLY_VOLTAGE          ; 1.2V                                  ; --            ; --            ; --               ;
; PARTITION_COLOR                      ; 16764057                              ; --            ; ip_proto_test ; Top              ;
; PARTITION_FITTER_PRESERVATION_LEVEL  ; PLACEMENT_AND_ROUTING                 ; --            ; ip_proto_test ; Top              ;
; PARTITION_NETLIST_TYPE               ; SOURCE                                ; --            ; ip_proto_test ; Top              ;
; POWER_BOARD_THERMAL_MODEL            ; None (CONSERVATIVE)                   ; --            ; --            ; --               ;
; POWER_PRESET_COOLING_SOLUTION        ; 23 MM HEAT SINK WITH 200 LFPM AIRFLOW ; --            ; --            ; --               ;
; PROJECT_OUTPUT_DIRECTORY             ; output_files                          ; --            ; --            ; --               ;
; TOP_LEVEL_ENTITY                     ; ip_proto_test                         ; eth           ; --            ; --               ;
+--------------------------------------+---------------------------------------+---------------+---------------+------------------+


+-------------------------------------------------------------------------------------------------------------------------------+
; Flow Elapsed Time                                                                                                             ;
+---------------------------+--------------+-------------------------+---------------------+------------------------------------+
; Module Name               ; Elapsed Time ; Average Processors Used ; Peak Virtual Memory ; Total CPU Time (on all processors) ;
+---------------------------+--------------+-------------------------+---------------------+------------------------------------+
; Analysis & Synthesis      ; 00:00:02     ; 1.0                     ; 4640 MB             ; 00:00:02                           ;
; Fitter                    ; 00:00:04     ; 2.3                     ; 5483 MB             ; 00:00:05                           ;
; Assembler                 ; 00:00:01     ; 1.0                     ; 4564 MB             ; 00:00:01                           ;
; TimeQuest Timing Analyzer ; 00:00:02     ; 2.5                     ; 4663 MB             ; 00:00:02                           ;
; EDA Netlist Writer        ; 00:00:00     ; 1.0                     ; 4539 MB             ; 00:00:01                           ;
; Analysis & Synthesis      ; 00:00:07     ; 1.3                     ; 4708 MB             ; 00:00:06                           ;
; Partition Merge           ; 00:00:01     ; 1.0                     ; 4648 MB             ; 00:00:01                           ;
; Fitter                    ; 00:00:05     ; 2.0                     ; 5489 MB             ; 00:00:06                           ;
; Assembler                 ; 00:00:01     ; 1.0                     ; 4586 MB             ; 00:00:01                           ;
; TimeQuest Timing Analyzer ; 00:00:02     ; 1.0                     ; 4673 MB             ; 00:00:02                           ;
; EDA Netlist Writer        ; 00:00:02     ; 1.0                     ; 4550 MB             ; 00:00:01                           ;
; Analysis & Synthesis      ; 00:00:06     ; 1.6                     ; 4701 MB             ; 00:00:06                           ;
; Partition Merge           ; 00:00:01     ; 1.0                     ; 4647 MB             ; 00:00:01                           ;
; Fitter                    ; 00:00:05     ; 2.3                     ; 5490 MB             ; 00:00:06                           ;
; Assembler                 ; 00:00:01     ; 1.0                     ; 4572 MB             ; 00:00:01                           ;
; TimeQuest Timing Analyzer ; 00:00:03     ; 1.0                     ; 4673 MB             ; 00:00:02                           ;
; EDA Netlist Writer        ; 00:00:01     ; 1.0                     ; 4550 MB             ; 00:00:01                           ;
; Analysis & Synthesis      ; 00:00:06     ; 1.5                     ; 4689 MB             ; 00:00:07                           ;
; Partition Merge           ; 00:00:01     ; 1.0                     ; 4647 MB             ; 00:00:01                           ;
; Fitter                    ; 00:00:06     ; 2.3                     ; 5493 MB             ; 00:00:07                           ;
; Assembler                 ; 00:00:01     ; 1.0                     ; 4568 MB             ; 00:00:01                           ;
; TimeQuest Timing Analyzer ; 00:00:02     ; 1.0                     ; 4673 MB             ; 00:00:02                           ;
; EDA Netlist Writer        ; 00:00:02     ; 1.0                     ; 4560 MB             ; 00:00:01                           ;
; Analysis & Synthesis      ; 00:00:06     ; 1.5                     ; 4693 MB             ; 00:00:07                           ;
; Partition Merge           ; 00:00:01     ; 1.0                     ; 4647 MB             ; 00:00:01                           ;
; Fitter                    ; 00:00:06     ; 1.0                     ; 5487 MB             ; 00:00:06                           ;
; Assembler                 ; 00:00:01     ; 1.0                     ; 4568 MB             ; 00:00:01                           ;
; TimeQuest Timing Analyzer ; 00:00:02     ; 1.0                     ; 4673 MB             ; 00:00:02                           ;
; EDA Netlist Writer        ; 00:00:02     ; 1.0                     ; 4555 MB             ; 00:00:01                           ;
; Analysis & Synthesis      ; 00:00:03     ; 1.0                     ; 4677 MB             ; 00:00:03                           ;
; Analysis & Synthesis      ; 00:00:05     ; 1.4                     ; 4700 MB             ; 00:00:06                           ;
; Partition Merge           ; 00:00:01     ; 1.0                     ; 4639 MB             ; 00:00:01                           ;
; Fitter                    ; 00:00:05     ; 1.0                     ; 5493 MB             ; 00:00:06                           ;
; Assembler                 ; 00:00:01     ; 1.0                     ; 4573 MB             ; 00:00:01                           ;
; TimeQuest Timing Analyzer ; 00:00:03     ; 1.0                     ; 4673 MB             ; 00:00:02                           ;
; EDA Netlist Writer        ; 00:00:01     ; 1.0                     ; 4555 MB             ; 00:00:01                           ;
; Analysis & Synthesis      ; 00:00:03     ; 1.0                     ; 4678 MB             ; 00:00:03                           ;
; Partition Merge           ; 00:00:00     ; 1.0                     ; 4648 MB             ; 00:00:01                           ;
; Fitter                    ; 00:00:05     ; 1.0                     ; 5493 MB             ; 00:00:06                           ;
; Assembler                 ; 00:00:00     ; 1.0                     ; 4572 MB             ; 00:00:01                           ;
; TimeQuest Timing Analyzer ; 00:00:03     ; 1.0                     ; 4673 MB             ; 00:00:02                           ;
; EDA Netlist Writer        ; 00:00:01     ; 1.0                     ; 4555 MB             ; 00:00:01                           ;
; Analysis & Synthesis      ; 00:00:06     ; 1.6                     ; 4689 MB             ; 00:00:07                           ;
; Partition Merge           ; 00:00:01     ; 1.0                     ; 4652 MB             ; 00:00:01                           ;
; Fitter                    ; 00:00:05     ; 1.0                     ; 5494 MB             ; 00:00:07                           ;
; Assembler                 ; 00:00:01     ; 1.0                     ; 4576 MB             ; 00:00:01                           ;
; TimeQuest Timing Analyzer ; 00:00:02     ; 1.0                     ; 4673 MB             ; 00:00:03                           ;
; EDA Netlist Writer        ; 00:00:02     ; 1.0                     ; 4550 MB             ; 00:00:01                           ;
; Analysis & Synthesis      ; 00:00:06     ; 1.5                     ; 4693 MB             ; 00:00:07                           ;
; Partition Merge           ; 00:00:01     ; 1.0                     ; 4641 MB             ; 00:00:01                           ;
; Fitter                    ; 00:00:06     ; 1.0                     ; 5494 MB             ; 00:00:07                           ;
; Assembler                 ; 00:00:01     ; 1.0                     ; 4580 MB             ; 00:00:01                           ;
; TimeQuest Timing Analyzer ; 00:00:02     ; 1.0                     ; 4677 MB             ; 00:00:02                           ;
; EDA Netlist Writer        ; 00:00:02     ; 1.0                     ; 4550 MB             ; 00:00:01                           ;
; Analysis & Synthesis      ; 00:00:05     ; 1.4                     ; 4693 MB             ; 00:00:06                           ;
; Partition Merge           ; 00:00:01     ; 1.0                     ; 4641 MB             ; 00:00:01                           ;
; Fitter                    ; 00:00:05     ; 2.0                     ; 5492 MB             ; 00:00:06                           ;
; Assembler                 ; 00:00:01     ; 1.0                     ; 4572 MB             ; 00:00:01                           ;
; TimeQuest Timing Analyzer ; 00:00:02     ; 1.0                     ; 4677 MB             ; 00:00:02                           ;
; EDA Netlist Writer        ; 00:00:02     ; 1.0                     ; 4550 MB             ; 00:00:01                           ;
; Analysis & Synthesis      ; 00:00:05     ; 1.4                     ; 4701 MB             ; 00:00:06                           ;
; Partition Merge           ; 00:00:01     ; 1.0                     ; 4642 MB             ; 00:00:01                           ;
; Fitter                    ; 00:00:05     ; 2.0                     ; 5493 MB             ; 00:00:06                           ;
; Assembler                 ; 00:00:01     ; 1.0                     ; 4576 MB             ; 00:00:01                           ;
; TimeQuest Timing Analyzer ; 00:00:03     ; 1.0                     ; 4698 MB             ; 00:00:02                           ;
; EDA Netlist Writer        ; 00:00:01     ; 1.0                     ; 4550 MB             ; 00:00:01                           ;
; Analysis & Synthesis      ; 00:00:06     ; 1.4                     ; 4705 MB             ; 00:00:06                           ;
; Partition Merge           ; 00:00:00     ; 1.0                     ; 4641 MB             ; 00:00:01                           ;
; Fitter                    ; 00:00:05     ; 4.3                     ; 5489 MB             ; 00:00:06                           ;
; Assembler                 ; 00:00:01     ; 1.0                     ; 4576 MB             ; 00:00:01                           ;
; TimeQuest Timing Analyzer ; 00:00:02     ; 2.5                     ; 4673 MB             ; 00:00:02                           ;
; EDA Netlist Writer        ; 00:00:02     ; 1.0                     ; 4555 MB             ; 00:00:01                           ;
; Analysis & Synthesis      ; 00:00:06     ; 1.4                     ; 4697 MB             ; 00:00:07                           ;
; Partition Merge           ; 00:00:01     ; 1.0                     ; 4641 MB             ; 00:00:01                           ;
; Fitter                    ; 00:00:05     ; 1.0                     ; 5490 MB             ; 00:00:06                           ;
; Assembler                 ; 00:00:01     ; 1.0                     ; 4576 MB             ; 00:00:01                           ;
; TimeQuest Timing Analyzer ; 00:00:02     ; 1.0                     ; 4682 MB             ; 00:00:02                           ;
; EDA Netlist Writer        ; 00:00:02     ; 1.0                     ; 4555 MB             ; 00:00:01                           ;
; Analysis & Synthesis      ; 00:00:06     ; 1.4                     ; 4693 MB             ; 00:00:07                           ;
; Partition Merge           ; 00:00:00     ; 1.0                     ; 4653 MB             ; 00:00:01                           ;
; Fitter                    ; 00:00:06     ; 3.5                     ; 5492 MB             ; 00:00:06                           ;
; Assembler                 ; 00:00:01     ; 1.0                     ; 4576 MB             ; 00:00:01                           ;
; TimeQuest Timing Analyzer ; 00:00:02     ; 1.0                     ; 4698 MB             ; 00:00:03                           ;
; EDA Netlist Writer        ; 00:00:02     ; 1.0                     ; 4555 MB             ; 00:00:01                           ;
; Analysis & Synthesis      ; 00:00:06     ; 1.6                     ; 4697 MB             ; 00:00:07                           ;
; Partition Merge           ; 00:00:01     ; 1.0                     ; 4641 MB             ; 00:00:01                           ;
; Fitter                    ; 00:00:05     ; 2.0                     ; 5494 MB             ; 00:00:07                           ;
; Assembler                 ; 00:00:01     ; 1.0                     ; 4572 MB             ; 00:00:01                           ;
; TimeQuest Timing Analyzer ; 00:00:03     ; 1.0                     ; 4673 MB             ; 00:00:02                           ;
; EDA Netlist Writer        ; 00:00:02     ; 1.0                     ; 4550 MB             ; 00:00:01                           ;
; Total                     ; 00:04:06     ; --                      ; --                  ; 00:04:22                           ;
+---------------------------+--------------+-------------------------+---------------------+------------------------------------+


+----------------------------------------------------------------------------------------+
; Flow OS Summary                                                                        ;
+---------------------------+------------------+-----------+------------+----------------+
; Module Name               ; Machine Hostname ; OS Name   ; OS Version ; Processor type ;
+---------------------------+------------------+-----------+------------+----------------+
; Analysis & Synthesis      ; DESKTOP-L1VR7A3  ; Windows 7 ; 6.2        ; x86_64         ;
; Fitter                    ; DESKTOP-L1VR7A3  ; Windows 7 ; 6.2        ; x86_64         ;
; Assembler                 ; DESKTOP-L1VR7A3  ; Windows 7 ; 6.2        ; x86_64         ;
; TimeQuest Timing Analyzer ; DESKTOP-L1VR7A3  ; Windows 7 ; 6.2        ; x86_64         ;
; EDA Netlist Writer        ; DESKTOP-L1VR7A3  ; Windows 7 ; 6.2        ; x86_64         ;
; Analysis & Synthesis      ; DESKTOP-L1VR7A3  ; Windows 7 ; 6.2        ; x86_64         ;
; Partition Merge           ; DESKTOP-L1VR7A3  ; Windows 7 ; 6.2        ; x86_64         ;
; Fitter                    ; DESKTOP-L1VR7A3  ; Windows 7 ; 6.2        ; x86_64         ;
; Assembler                 ; DESKTOP-L1VR7A3  ; Windows 7 ; 6.2        ; x86_64         ;
; TimeQuest Timing Analyzer ; DESKTOP-L1VR7A3  ; Windows 7 ; 6.2        ; x86_64         ;
; EDA Netlist Writer        ; DESKTOP-L1VR7A3  ; Windows 7 ; 6.2        ; x86_64         ;
; Analysis & Synthesis      ; DESKTOP-L1VR7A3  ; Windows 7 ; 6.2        ; x86_64         ;
; Partition Merge           ; DESKTOP-L1VR7A3  ; Windows 7 ; 6.2        ; x86_64         ;
; Fitter                    ; DESKTOP-L1VR7A3  ; Windows 7 ; 6.2        ; x86_64         ;
; Assembler                 ; DESKTOP-L1VR7A3  ; Windows 7 ; 6.2        ; x86_64         ;
; TimeQuest Timing Analyzer ; DESKTOP-L1VR7A3  ; Windows 7 ; 6.2        ; x86_64         ;
; EDA Netlist Writer        ; DESKTOP-L1VR7A3  ; Windows 7 ; 6.2        ; x86_64         ;
; Analysis & Synthesis      ; DESKTOP-L1VR7A3  ; Windows 7 ; 6.2        ; x86_64         ;
; Partition Merge           ; DESKTOP-L1VR7A3  ; Windows 7 ; 6.2        ; x86_64         ;
; Fitter                    ; DESKTOP-L1VR7A3  ; Windows 7 ; 6.2        ; x86_64         ;
; Assembler                 ; DESKTOP-L1VR7A3  ; Windows 7 ; 6.2        ; x86_64         ;
; TimeQuest Timing Analyzer ; DESKTOP-L1VR7A3  ; Windows 7 ; 6.2        ; x86_64         ;
; EDA Netlist Writer        ; DESKTOP-L1VR7A3  ; Windows 7 ; 6.2        ; x86_64         ;
; Analysis & Synthesis      ; DESKTOP-L1VR7A3  ; Windows 7 ; 6.2        ; x86_64         ;
; Partition Merge           ; DESKTOP-L1VR7A3  ; Windows 7 ; 6.2        ; x86_64         ;
; Fitter                    ; DESKTOP-L1VR7A3  ; Windows 7 ; 6.2        ; x86_64         ;
; Assembler                 ; DESKTOP-L1VR7A3  ; Windows 7 ; 6.2        ; x86_64         ;
; TimeQuest Timing Analyzer ; DESKTOP-L1VR7A3  ; Windows 7 ; 6.2        ; x86_64         ;
; EDA Netlist Writer        ; DESKTOP-L1VR7A3  ; Windows 7 ; 6.2        ; x86_64         ;
; Analysis & Synthesis      ; DESKTOP-L1VR7A3  ; Windows 7 ; 6.2        ; x86_64         ;
; Analysis & Synthesis      ; DESKTOP-L1VR7A3  ; Windows 7 ; 6.2        ; x86_64         ;
; Partition Merge           ; DESKTOP-L1VR7A3  ; Windows 7 ; 6.2        ; x86_64         ;
; Fitter                    ; DESKTOP-L1VR7A3  ; Windows 7 ; 6.2        ; x86_64         ;
; Assembler                 ; DESKTOP-L1VR7A3  ; Windows 7 ; 6.2        ; x86_64         ;
; TimeQuest Timing Analyzer ; DESKTOP-L1VR7A3  ; Windows 7 ; 6.2        ; x86_64         ;
; EDA Netlist Writer        ; DESKTOP-L1VR7A3  ; Windows 7 ; 6.2        ; x86_64         ;
; Analysis & Synthesis      ; DESKTOP-L1VR7A3  ; Windows 7 ; 6.2        ; x86_64         ;
; Partition Merge           ; DESKTOP-L1VR7A3  ; Windows 7 ; 6.2        ; x86_64         ;
; Fitter                    ; DESKTOP-L1VR7A3  ; Windows 7 ; 6.2        ; x86_64         ;
; Assembler                 ; DESKTOP-L1VR7A3  ; Windows 7 ; 6.2        ; x86_64         ;
; TimeQuest Timing Analyzer ; DESKTOP-L1VR7A3  ; Windows 7 ; 6.2        ; x86_64         ;
; EDA Netlist Writer        ; DESKTOP-L1VR7A3  ; Windows 7 ; 6.2        ; x86_64         ;
; Analysis & Synthesis      ; DESKTOP-L1VR7A3  ; Windows 7 ; 6.2        ; x86_64         ;
; Partition Merge           ; DESKTOP-L1VR7A3  ; Windows 7 ; 6.2        ; x86_64         ;
; Fitter                    ; DESKTOP-L1VR7A3  ; Windows 7 ; 6.2        ; x86_64         ;
; Assembler                 ; DESKTOP-L1VR7A3  ; Windows 7 ; 6.2        ; x86_64         ;
; TimeQuest Timing Analyzer ; DESKTOP-L1VR7A3  ; Windows 7 ; 6.2        ; x86_64         ;
; EDA Netlist Writer        ; DESKTOP-L1VR7A3  ; Windows 7 ; 6.2        ; x86_64         ;
; Analysis & Synthesis      ; DESKTOP-L1VR7A3  ; Windows 7 ; 6.2        ; x86_64         ;
; Partition Merge           ; DESKTOP-L1VR7A3  ; Windows 7 ; 6.2        ; x86_64         ;
; Fitter                    ; DESKTOP-L1VR7A3  ; Windows 7 ; 6.2        ; x86_64         ;
; Assembler                 ; DESKTOP-L1VR7A3  ; Windows 7 ; 6.2        ; x86_64         ;
; TimeQuest Timing Analyzer ; DESKTOP-L1VR7A3  ; Windows 7 ; 6.2        ; x86_64         ;
; EDA Netlist Writer        ; DESKTOP-L1VR7A3  ; Windows 7 ; 6.2        ; x86_64         ;
; Analysis & Synthesis      ; DESKTOP-L1VR7A3  ; Windows 7 ; 6.2        ; x86_64         ;
; Partition Merge           ; DESKTOP-L1VR7A3  ; Windows 7 ; 6.2        ; x86_64         ;
; Fitter                    ; DESKTOP-L1VR7A3  ; Windows 7 ; 6.2        ; x86_64         ;
; Assembler                 ; DESKTOP-L1VR7A3  ; Windows 7 ; 6.2        ; x86_64         ;
; TimeQuest Timing Analyzer ; DESKTOP-L1VR7A3  ; Windows 7 ; 6.2        ; x86_64         ;
; EDA Netlist Writer        ; DESKTOP-L1VR7A3  ; Windows 7 ; 6.2        ; x86_64         ;
; Analysis & Synthesis      ; DESKTOP-L1VR7A3  ; Windows 7 ; 6.2        ; x86_64         ;
; Partition Merge           ; DESKTOP-L1VR7A3  ; Windows 7 ; 6.2        ; x86_64         ;
; Fitter                    ; DESKTOP-L1VR7A3  ; Windows 7 ; 6.2        ; x86_64         ;
; Assembler                 ; DESKTOP-L1VR7A3  ; Windows 7 ; 6.2        ; x86_64         ;
; TimeQuest Timing Analyzer ; DESKTOP-L1VR7A3  ; Windows 7 ; 6.2        ; x86_64         ;
; EDA Netlist Writer        ; DESKTOP-L1VR7A3  ; Windows 7 ; 6.2        ; x86_64         ;
; Analysis & Synthesis      ; DESKTOP-L1VR7A3  ; Windows 7 ; 6.2        ; x86_64         ;
; Partition Merge           ; DESKTOP-L1VR7A3  ; Windows 7 ; 6.2        ; x86_64         ;
; Fitter                    ; DESKTOP-L1VR7A3  ; Windows 7 ; 6.2        ; x86_64         ;
; Assembler                 ; DESKTOP-L1VR7A3  ; Windows 7 ; 6.2        ; x86_64         ;
; TimeQuest Timing Analyzer ; DESKTOP-L1VR7A3  ; Windows 7 ; 6.2        ; x86_64         ;
; EDA Netlist Writer        ; DESKTOP-L1VR7A3  ; Windows 7 ; 6.2        ; x86_64         ;
; Analysis & Synthesis      ; DESKTOP-L1VR7A3  ; Windows 7 ; 6.2        ; x86_64         ;
; Partition Merge           ; DESKTOP-L1VR7A3  ; Windows 7 ; 6.2        ; x86_64         ;
; Fitter                    ; DESKTOP-L1VR7A3  ; Windows 7 ; 6.2        ; x86_64         ;
; Assembler                 ; DESKTOP-L1VR7A3  ; Windows 7 ; 6.2        ; x86_64         ;
; TimeQuest Timing Analyzer ; DESKTOP-L1VR7A3  ; Windows 7 ; 6.2        ; x86_64         ;
; EDA Netlist Writer        ; DESKTOP-L1VR7A3  ; Windows 7 ; 6.2        ; x86_64         ;
; Analysis & Synthesis      ; DESKTOP-L1VR7A3  ; Windows 7 ; 6.2        ; x86_64         ;
; Partition Merge           ; DESKTOP-L1VR7A3  ; Windows 7 ; 6.2        ; x86_64         ;
; Fitter                    ; DESKTOP-L1VR7A3  ; Windows 7 ; 6.2        ; x86_64         ;
; Assembler                 ; DESKTOP-L1VR7A3  ; Windows 7 ; 6.2        ; x86_64         ;
; TimeQuest Timing Analyzer ; DESKTOP-L1VR7A3  ; Windows 7 ; 6.2        ; x86_64         ;
; EDA Netlist Writer        ; DESKTOP-L1VR7A3  ; Windows 7 ; 6.2        ; x86_64         ;
; Analysis & Synthesis      ; DESKTOP-L1VR7A3  ; Windows 7 ; 6.2        ; x86_64         ;
; Partition Merge           ; DESKTOP-L1VR7A3  ; Windows 7 ; 6.2        ; x86_64         ;
; Fitter                    ; DESKTOP-L1VR7A3  ; Windows 7 ; 6.2        ; x86_64         ;
; Assembler                 ; DESKTOP-L1VR7A3  ; Windows 7 ; 6.2        ; x86_64         ;
; TimeQuest Timing Analyzer ; DESKTOP-L1VR7A3  ; Windows 7 ; 6.2        ; x86_64         ;
; EDA Netlist Writer        ; DESKTOP-L1VR7A3  ; Windows 7 ; 6.2        ; x86_64         ;
+---------------------------+------------------+-----------+------------+----------------+


------------
; Flow Log ;
------------
quartus_map --read_settings_files=on --write_settings_files=off eth -c eth
quartus_fit --read_settings_files=off --write_settings_files=off eth -c eth
quartus_asm --read_settings_files=off --write_settings_files=off eth -c eth
quartus_sta eth -c eth
quartus_eda --read_settings_files=off --write_settings_files=off eth -c eth
quartus_map --read_settings_files=on --write_settings_files=off eth -c eth
quartus_cdb --read_settings_files=off --write_settings_files=off eth -c eth --merge=on
quartus_fit --read_settings_files=off --write_settings_files=off eth -c eth
quartus_asm --read_settings_files=off --write_settings_files=off eth -c eth
quartus_sta eth -c eth
quartus_eda --read_settings_files=off --write_settings_files=off eth -c eth
quartus_map --read_settings_files=on --write_settings_files=off eth -c eth
quartus_cdb --read_settings_files=off --write_settings_files=off eth -c eth --merge=on
quartus_fit --read_settings_files=off --write_settings_files=off eth -c eth
quartus_asm --read_settings_files=off --write_settings_files=off eth -c eth
quartus_sta eth -c eth
quartus_eda --read_settings_files=off --write_settings_files=off eth -c eth
quartus_map --read_settings_files=on --write_settings_files=off eth -c eth
quartus_cdb --read_settings_files=off --write_settings_files=off eth -c eth --merge=on
quartus_fit --read_settings_files=off --write_settings_files=off eth -c eth
quartus_asm --read_settings_files=off --write_settings_files=off eth -c eth
quartus_sta eth -c eth
quartus_eda --read_settings_files=off --write_settings_files=off eth -c eth
quartus_map --read_settings_files=on --write_settings_files=off eth -c eth
quartus_cdb --read_settings_files=off --write_settings_files=off eth -c eth --merge=on
quartus_fit --read_settings_files=off --write_settings_files=off eth -c eth
quartus_asm --read_settings_files=off --write_settings_files=off eth -c eth
quartus_sta eth -c eth
quartus_eda --read_settings_files=off --write_settings_files=off eth -c eth
quartus_map --read_settings_files=on --write_settings_files=off eth -c eth
quartus_map --read_settings_files=on --write_settings_files=off eth -c eth
quartus_cdb --read_settings_files=off --write_settings_files=off eth -c eth --merge=on
quartus_fit --read_settings_files=off --write_settings_files=off eth -c eth
quartus_asm --read_settings_files=off --write_settings_files=off eth -c eth
quartus_sta eth -c eth
quartus_eda --read_settings_files=off --write_settings_files=off eth -c eth
quartus_map --read_settings_files=on --write_settings_files=off eth -c eth
quartus_cdb --read_settings_files=off --write_settings_files=off eth -c eth --merge=on
quartus_fit --read_settings_files=off --write_settings_files=off eth -c eth
quartus_asm --read_settings_files=off --write_settings_files=off eth -c eth
quartus_sta eth -c eth
quartus_eda --read_settings_files=off --write_settings_files=off eth -c eth
quartus_map --read_settings_files=on --write_settings_files=off eth -c eth
quartus_cdb --read_settings_files=off --write_settings_files=off eth -c eth --merge=on
quartus_fit --read_settings_files=off --write_settings_files=off eth -c eth
quartus_asm --read_settings_files=off --write_settings_files=off eth -c eth
quartus_sta eth -c eth
quartus_eda --read_settings_files=off --write_settings_files=off eth -c eth
quartus_map --read_settings_files=on --write_settings_files=off eth -c eth
quartus_cdb --read_settings_files=off --write_settings_files=off eth -c eth --merge=on
quartus_fit --read_settings_files=off --write_settings_files=off eth -c eth
quartus_asm --read_settings_files=off --write_settings_files=off eth -c eth
quartus_sta eth -c eth
quartus_eda --read_settings_files=off --write_settings_files=off eth -c eth
quartus_map --read_settings_files=on --write_settings_files=off eth -c eth
quartus_cdb --read_settings_files=off --write_settings_files=off eth -c eth --merge=on
quartus_fit --read_settings_files=off --write_settings_files=off eth -c eth
quartus_asm --read_settings_files=off --write_settings_files=off eth -c eth
quartus_sta eth -c eth
quartus_eda --read_settings_files=off --write_settings_files=off eth -c eth
quartus_map --read_settings_files=on --write_settings_files=off eth -c eth
quartus_cdb --read_settings_files=off --write_settings_files=off eth -c eth --merge=on
quartus_fit --read_settings_files=off --write_settings_files=off eth -c eth
quartus_asm --read_settings_files=off --write_settings_files=off eth -c eth
quartus_sta eth -c eth
quartus_eda --read_settings_files=off --write_settings_files=off eth -c eth
quartus_map --read_settings_files=on --write_settings_files=off eth -c eth
quartus_cdb --read_settings_files=off --write_settings_files=off eth -c eth --merge=on
quartus_fit --read_settings_files=off --write_settings_files=off eth -c eth
quartus_asm --read_settings_files=off --write_settings_files=off eth -c eth
quartus_sta eth -c eth
quartus_eda --read_settings_files=off --write_settings_files=off eth -c eth
quartus_map --read_settings_files=on --write_settings_files=off eth -c eth
quartus_cdb --read_settings_files=off --write_settings_files=off eth -c eth --merge=on
quartus_fit --read_settings_files=off --write_settings_files=off eth -c eth
quartus_asm --read_settings_files=off --write_settings_files=off eth -c eth
quartus_sta eth -c eth
quartus_eda --read_settings_files=off --write_settings_files=off eth -c eth
quartus_map --read_settings_files=on --write_settings_files=off eth -c eth
quartus_cdb --read_settings_files=off --write_settings_files=off eth -c eth --merge=on
quartus_fit --read_settings_files=off --write_settings_files=off eth -c eth
quartus_asm --read_settings_files=off --write_settings_files=off eth -c eth
quartus_sta eth -c eth
quartus_eda --read_settings_files=off --write_settings_files=off eth -c eth
quartus_map --read_settings_files=on --write_settings_files=off eth -c eth
quartus_cdb --read_settings_files=off --write_settings_files=off eth -c eth --merge=on
quartus_fit --read_settings_files=off --write_settings_files=off eth -c eth
quartus_asm --read_settings_files=off --write_settings_files=off eth -c eth
quartus_sta eth -c eth
quartus_eda --read_settings_files=off --write_settings_files=off eth -c eth



